../Core/bootloader/bootloader.c:72:6:BootLoaderInit	8	static
../Core/bootloader/bootloader.c:96:10:BootLoaderCheckForUpdates	16	static
../Core/bootloader/bootloader.c:132:13:BootLoaderGpioInit	32	static
../Core/bootloader/bootloader.c:158:13:BootLoaderUartSendData	16	static
../Core/bootloader/bootloader.c:182:13:BootLoaderUartReadData	16	static
../Core/bootloader/bootloader.c:203:13:BootLoaderJumpUserApp	32	static,ignoring_inline_asm
../Core/bootloader/bootloader.c:263:6:HAL_GPIO_EXTI_Callback	48	static
../Core/bootloader/bootloader.c:287:13:MX_USART2_UART_Init	8	static
